批量推理命令: /mnt/disk1/decom/VLATest/.venv/bin/python3 /mnt/disk1/decom/VLATest/experiments/openVLA.py --data optimization/move/batch_move_dataset.json --output optimization/move/results/batch_inference/ --model openvla-7b
Python 解释器: /mnt/disk1/decom/VLATest/.venv/bin/python3
环境变量 PYTHONPATH: /mnt/disk1/decom/VLATest
开始时间: 2025-12-19 19:40:53
======================================================================

Gym has been unmaintained since 2022 and does not support NumPy 2.0 amongst other critical functionality.
Please upgrade to Gymnasium, the maintained drop-in replacement of Gym, or contact the authors of your software and request that they upgrade.
See the migration guide at https://gymnasium.farama.org/introduction/migration_guide/ for additional information.
2025-12-19 19:40:56.764258: E external/local_xla/xla/stream_executor/cuda/cuda_dnn.cc:9261] Unable to register cuDNN factory: Attempting to register factory for plugin cuDNN when one has already been registered
2025-12-19 19:40:56.764302: E external/local_xla/xla/stream_executor/cuda/cuda_fft.cc:607] Unable to register cuFFT factory: Attempting to register factory for plugin cuFFT when one has already been registered
2025-12-19 19:40:56.765975: E external/local_xla/xla/stream_executor/cuda/cuda_blas.cc:1515] Unable to register cuBLAS factory: Attempting to register factory for plugin cuBLAS when one has already been registered
2025-12-19 19:40:58.331937: W tensorflow/compiler/tf2tensorrt/utils/py_utils.cc:38] TF-TRT Warning: Could not find TensorRT
/mnt/disk1/decom/VLATest/.venv/lib/python3.10/site-packages/huggingface_hub/file_download.py:942: FutureWarning: `resume_download` is deprecated and will be removed in version 1.0.0. Downloads always resume when possible. If you want to force a new download, use `force_download=True`.
  warnings.warn(
/mnt/disk1/decom/VLATest/.venv/lib/python3.10/site-packages/huggingface_hub/file_download.py:942: FutureWarning: `resume_download` is deprecated and will be removed in version 1.0.0. Downloads always resume when possible. If you want to force a new download, use `force_download=True`.
  warnings.warn(

Loading checkpoint shards:   0%|          | 0/3 [00:00<?, ?it/s]
Loading checkpoint shards:  33%|███▎      | 1/3 [00:04<00:09,  4.89s/it]
Loading checkpoint shards:  67%|██████▋   | 2/3 [00:08<00:03,  3.95s/it]
Loading checkpoint shards: 100%|██████████| 3/3 [00:09<00:00,  2.59s/it]
Loading checkpoint shards: 100%|██████████| 3/3 [00:09<00:00,  3.05s/it]
/mnt/disk1/decom/VLATest/.venv/lib/python3.10/site-packages/huggingface_hub/file_download.py:942: FutureWarning: `resume_download` is deprecated and will be removed in version 1.0.0. Downloads always resume when possible. If you want to force a new download, use `force_download=True`.
  warnings.warn(
'+ptx89' is not a recognized feature for this target (ignoring feature)
'+ptx89' is not a recognized feature for this target (ignoring feature)
'+ptx89' is not a recognized feature for this target (ignoring feature)
'+ptx89' is not a recognized feature for this target (ignoring feature)
'+ptx89' is not a recognized feature for this target (ignoring feature)
'+ptx89' is not a recognized feature for this target (ignoring feature)
'+ptx89' is not a recognized feature for this target (ignoring feature)
'+ptx89' is not a recognized feature for this target (ignoring feature)
'+ptx89' is not a recognized feature for this target (ignoring feature)
optimization/move/results/batch_inference/
optimization/move/results/batch_inference/batch_move_dataset

  0%|          | 0/2 [00:00<?, ?it/s]2025-12-19 19:41:40.946490: E external/local_xla/xla/stream_executor/gpu/asm_compiler.cc:115] *** WARNING *** You are using ptxas 10.1.243, which is older than 11.1. ptxas before 11.1 is known to miscompile XLA code, leading to incorrect results or invalid-address errors.

2025-12-19 19:41:40.949694: W external/local_xla/xla/stream_executor/gpu/asm_compiler.cc:225] Falling back to the CUDA driver for PTX compilation; ptxas does not support CC 8.6
2025-12-19 19:41:40.949736: W external/local_xla/xla/stream_executor/gpu/asm_compiler.cc:228] Used ptxas at ptxas
2025-12-19 19:41:40.949816: W tensorflow/compiler/mlir/tools/kernel_gen/transforms/gpu_kernel_to_blob_pass.cc:191] Failed to compile generated PTX with ptxas. Falling back to compilation by driver.
2025-12-19 19:41:41.104455: E external/local_xla/xla/stream_executor/gpu/asm_compiler.cc:115] *** WARNING *** You are using ptxas 10.1.243, which is older than 11.1. ptxas before 11.1 is known to miscompile XLA code, leading to incorrect results or invalid-address errors.

2025-12-19 19:41:41.104635: E external/local_xla/xla/stream_executor/gpu/asm_compiler.cc:115] *** WARNING *** You are using ptxas 10.1.243, which is older than 11.1. ptxas before 11.1 is known to miscompile XLA code, leading to incorrect results or invalid-address errors.

2025-12-19 19:41:41.105288: E external/local_xla/xla/stream_executor/gpu/asm_compiler.cc:115] *** WARNING *** You are using ptxas 10.1.243, which is older than 11.1. ptxas before 11.1 is known to miscompile XLA code, leading to incorrect results or invalid-address errors.

2025-12-19 19:41:41.105869: E external/local_xla/xla/stream_executor/gpu/asm_compiler.cc:115] *** WARNING *** You are using ptxas 10.1.243, which is older than 11.1. ptxas before 11.1 is known to miscompile XLA code, leading to incorrect results or invalid-address errors.

2025-12-19 19:41:41.106672: E external/local_xla/xla/stream_executor/gpu/asm_compiler.cc:115] *** WARNING *** You are using ptxas 10.1.243, which is older than 11.1. ptxas before 11.1 is known to miscompile XLA code, leading to incorrect results or invalid-address errors.

2025-12-19 19:41:41.107849: W tensorflow/compiler/mlir/tools/kernel_gen/transforms/gpu_kernel_to_blob_pass.cc:191] Failed to compile generated PTX with ptxas. Falling back to compilation by driver.
2025-12-19 19:41:41.107880: W tensorflow/compiler/mlir/tools/kernel_gen/transforms/gpu_kernel_to_blob_pass.cc:191] Failed to compile generated PTX with ptxas. Falling back to compilation by driver.
2025-12-19 19:41:41.107902: W tensorflow/compiler/mlir/tools/kernel_gen/transforms/gpu_kernel_to_blob_pass.cc:191] Failed to compile generated PTX with ptxas. Falling back to compilation by driver.
2025-12-19 19:41:41.107924: W tensorflow/compiler/mlir/tools/kernel_gen/transforms/gpu_kernel_to_blob_pass.cc:191] Failed to compile generated PTX with ptxas. Falling back to compilation by driver.
2025-12-19 19:41:41.108454: W tensorflow/compiler/mlir/tools/kernel_gen/transforms/gpu_kernel_to_blob_pass.cc:191] Failed to compile generated PTX with ptxas. Falling back to compilation by driver.
2025-12-19 19:41:41.109469: E external/local_xla/xla/stream_executor/gpu/asm_compiler.cc:115] *** WARNING *** You are using ptxas 10.1.243, which is older than 11.1. ptxas before 11.1 is known to miscompile XLA code, leading to incorrect results or invalid-address errors.

2025-12-19 19:41:41.109503: E external/local_xla/xla/stream_executor/gpu/asm_compiler.cc:115] *** WARNING *** You are using ptxas 10.1.243, which is older than 11.1. ptxas before 11.1 is known to miscompile XLA code, leading to incorrect results or invalid-address errors.

2025-12-19 19:41:41.109530: E external/local_xla/xla/stream_executor/gpu/asm_compiler.cc:115] *** WARNING *** You are using ptxas 10.1.243, which is older than 11.1. ptxas before 11.1 is known to miscompile XLA code, leading to incorrect results or invalid-address errors.

2025-12-19 19:41:41.111871: W tensorflow/compiler/mlir/tools/kernel_gen/transforms/gpu_kernel_to_blob_pass.cc:191] Failed to compile generated PTX with ptxas. Falling back to compilation by driver.
2025-12-19 19:41:41.111910: W tensorflow/compiler/mlir/tools/kernel_gen/transforms/gpu_kernel_to_blob_pass.cc:191] Failed to compile generated PTX with ptxas. Falling back to compilation by driver.
2025-12-19 19:41:41.111935: W tensorflow/compiler/mlir/tools/kernel_gen/transforms/gpu_kernel_to_blob_pass.cc:191] Failed to compile generated PTX with ptxas. Falling back to compilation by driver.
2025-12-19 19:41:41.535843: E external/local_xla/xla/stream_executor/gpu/asm_compiler.cc:115] *** WARNING *** You are using ptxas 10.1.243, which is older than 11.1. ptxas before 11.1 is known to miscompile XLA code, leading to incorrect results or invalid-address errors.

2025-12-19 19:41:41.536017: E external/local_xla/xla/stream_executor/gpu/asm_compiler.cc:115] *** WARNING *** You are using ptxas 10.1.243, which is older than 11.1. ptxas before 11.1 is known to miscompile XLA code, leading to incorrect results or invalid-address errors.

2025-12-19 19:41:41.536542: E external/local_xla/xla/stream_executor/gpu/asm_compiler.cc:115] *** WARNING *** You are using ptxas 10.1.243, which is older than 11.1. ptxas before 11.1 is known to miscompile XLA code, leading to incorrect results or invalid-address errors.

2025-12-19 19:41:41.537208: E external/local_xla/xla/stream_executor/gpu/asm_compiler.cc:115] *** WARNING *** You are using ptxas 10.1.243, which is older than 11.1. ptxas before 11.1 is known to miscompile XLA code, leading to incorrect results or invalid-address errors.

2025-12-19 19:41:41.538019: E external/local_xla/xla/stream_executor/gpu/asm_compiler.cc:115] *** WARNING *** You are using ptxas 10.1.243, which is older than 11.1. ptxas before 11.1 is known to miscompile XLA code, leading to incorrect results or invalid-address errors.

2025-12-19 19:41:41.540559: E external/local_xla/xla/stream_executor/gpu/asm_compiler.cc:115] *** WARNING *** You are using ptxas 10.1.243, which is older than 11.1. ptxas before 11.1 is known to miscompile XLA code, leading to incorrect results or invalid-address errors.

2025-12-19 19:41:41.540607: E external/local_xla/xla/stream_executor/gpu/asm_compiler.cc:115] *** WARNING *** You are using ptxas 10.1.243, which is older than 11.1. ptxas before 11.1 is known to miscompile XLA code, leading to incorrect results or invalid-address errors.

2025-12-19 19:41:41.540640: E external/local_xla/xla/stream_executor/gpu/asm_compiler.cc:115] *** WARNING *** You are using ptxas 10.1.243, which is older than 11.1. ptxas before 11.1 is known to miscompile XLA code, leading to incorrect results or invalid-address errors.

2025-12-19 19:41:41.542926: W tensorflow/compiler/mlir/tools/kernel_gen/transforms/gpu_kernel_to_blob_pass.cc:191] Failed to compile generated PTX with ptxas. Falling back to compilation by driver.
2025-12-19 19:41:41.542956: W tensorflow/compiler/mlir/tools/kernel_gen/transforms/gpu_kernel_to_blob_pass.cc:191] Failed to compile generated PTX with ptxas. Falling back to compilation by driver.
2025-12-19 19:41:41.545359: W tensorflow/compiler/mlir/tools/kernel_gen/transforms/gpu_kernel_to_blob_pass.cc:191] Failed to compile generated PTX with ptxas. Falling back to compilation by driver.
2025-12-19 19:41:41.545404: W tensorflow/compiler/mlir/tools/kernel_gen/transforms/gpu_kernel_to_blob_pass.cc:191] Failed to compile generated PTX with ptxas. Falling back to compilation by driver.
2025-12-19 19:41:41.545430: W tensorflow/compiler/mlir/tools/kernel_gen/transforms/gpu_kernel_to_blob_pass.cc:191] Failed to compile generated PTX with ptxas. Falling back to compilation by driver.
2025-12-19 19:41:41.545453: W tensorflow/compiler/mlir/tools/kernel_gen/transforms/gpu_kernel_to_blob_pass.cc:191] Failed to compile generated PTX with ptxas. Falling back to compilation by driver.
2025-12-19 19:41:41.545475: W tensorflow/compiler/mlir/tools/kernel_gen/transforms/gpu_kernel_to_blob_pass.cc:191] Failed to compile generated PTX with ptxas. Falling back to compilation by driver.
2025-12-19 19:41:41.545500: W tensorflow/compiler/mlir/tools/kernel_gen/transforms/gpu_kernel_to_blob_pass.cc:191] Failed to compile generated PTX with ptxas. Falling back to compilation by driver.
