nohup: ignoring input

######################################################################
# 优化流程 - MOVE 任务
######################################################################

📋 配置信息:
   基础目录: results/t-move_n-100_o-0_s-3225323079/openvla-7b_2024
   任务类型: move
   模型: openvla-7b
   案例数量: 3


######################################################################
# 阶段1：应用优化策略
######################################################################



######################################################################
# 优化案例 [1/3]
######################################################################

======================================================================
📋 处理案例: Episode 7
   策略: optimize_grasp
======================================================================
   ✅ 配置已复制: 7 -> 7

   🔧 应用策略: optimize_grasp
   ✅ 策略应用成功
   ✅ 策略应用完成


######################################################################
# 优化案例 [2/3]
######################################################################

======================================================================
📋 处理案例: Episode 2
   策略: move_closer
======================================================================
   ✅ 配置已复制: 2 -> 2

   🔧 应用策略: move_closer
   ✅ 策略应用成功
   ✅ 策略应用完成


######################################################################
# 优化案例 [3/3]
######################################################################

======================================================================
📋 处理案例: Episode 44
   策略: replace_object
======================================================================
   ✅ 配置已复制: 44 -> 44

   🔧 应用策略: replace_object
   ✅ 策略应用成功
   ✅ 策略应用完成


======================================================================
📊 优化阶段完成
======================================================================
总案例数: 3
✅ 已优化: 3
❌ 优化失败: 0
⏭️  已跳过: 0
======================================================================

⏸️  准备开始推理，共 3 个案例


######################################################################
# 开始统一推理阶段
######################################################################

📦 整合数据集...
   ✅ Episode 7: redbull_can
   ✅ Episode 2: opened_coke_can
   ✅ Episode 44: coke_can

📄 批量数据集已保存: optimization/move/batch_move_dataset.json
   包含 3 个场景

🚀 开始批量推理...
❌ 批量推理失败
错误: Gym has been unmaintained since 2022 and does not support NumPy 2.0 amongst other critical functionality.
Please upgrade to Gymnasium, the maintained drop-in replacement of Gym, or contact the authors of your software and request that they upgrade.
See the migration guide at https://gymnasium.farama.org/introduction/migration_guide/ for additional information.
2025-12-17 19:03:35.314656: E external/local_xla/xla/stream_executor/cuda/cuda_dnn.cc:9261] Unable to register cuDNN factory: Attempting 


======================================================================
📊 处理完成
======================================================================
总案例数: 3
✅ 成功: 0
❌ 失败: 3
⏭️  跳过: 0
======================================================================

📄 报告已保存: optimization/move/batch_report.json
⏰ 运行时间: 2025-12-17 19:04:42

