nohup: ignoring input
📂 当前工作目录: /mnt/disk1/decom/VLATest
🔍 扫描基础目录: /mnt/disk1/decom/VLATest/results/t-move_n-100_o-0_s-3225323079/openvla-7b_2024

📋 准备处理 Episode: 37
📂 原始目录: /mnt/disk1/decom/VLATest/results/t-move_n-100_o-0_s-3225323079/openvla-7b_2024
✅ 复制episode配置: /mnt/disk1/decom/VLATest/results/t-move_n-100_o-0_s-3225323079/openvla-7b_2024/37 -> /mnt/disk1/decom/VLATest/move_optimization/optimized_configs/37
ℹ️  检测到标准结构: opened_pepsi_can.init_xy = [-0.14003127645153535, 0.22913630288184242]
ℹ️  初始化机械臂位置: [0.0, 0.0]

======================================================================
🎯 处理 Episode: 37
📍 优化配置目录: /mnt/disk1/decom/VLATest/move_optimization/optimized_configs/37
🌟 物体: opened_pepsi_can [-0.1400, 0.2291]
🤖 机械臂: [0.0000, 0.0000]
🧭 方向: left-down
🔢 搜索: 20次（粗搜索10 + 精细搜索10）
======================================================================

🔍 阶段1: 粗搜索

🔄 [粗搜索] 尝试 1/10
   🤖 机械臂位置: [-0.0181, -0.0114]
   📏 偏移: Δx=-0.0181m, Δy=-0.0114m
   ⏳ 执行重放... ✅
   📸 验证图像一致性... ✅ 原始图像目录不存在，跳过验证
   🔍 检查抓取... ❌ 失败（连续抓取 0 步）

🔄 [粗搜索] 尝试 2/10
   🤖 机械臂位置: [-0.0110, -0.0052]
   📏 偏移: Δx=-0.0110m, Δy=-0.0052m
   ⏳ 执行重放... ✅
   📸 验证图像一致性... ✅ 原始图像目录不存在，跳过验证
   🔍 检查抓取... ❌ 失败（连续抓取 0 步）

🔄 [粗搜索] 尝试 3/10
   🤖 机械臂位置: [-0.0056, -0.0122]
   📏 偏移: Δx=-0.0056m, Δy=-0.0122m
   ⏳ 执行重放... ✅
   📸 验证图像一致性... ✅ 原始图像目录不存在，跳过验证
   🔍 检查抓取... ❌ 失败（连续抓取 0 步）

🔄 [粗搜索] 尝试 4/10
   🤖 机械臂位置: [-0.0070, -0.0142]
   📏 偏移: Δx=-0.0070m, Δy=-0.0142m
   ⏳ 执行重放... ✅
   📸 验证图像一致性... ✅ 原始图像目录不存在，跳过验证
   🔍 检查抓取... ❌ 失败（连续抓取 0 步）

🔄 [粗搜索] 尝试 5/10
   🤖 机械臂位置: [-0.0120, -0.0095]
   📏 偏移: Δx=-0.0120m, Δy=-0.0095m
   ⏳ 执行重放... ✅
   📸 验证图像一致性... ✅ 原始图像目录不存在，跳过验证
   🔍 检查抓取... ❌ 失败（连续抓取 0 步）

🔄 [粗搜索] 尝试 6/10
   🤖 机械臂位置: [-0.0104, -0.0050]
   📏 偏移: Δx=-0.0104m, Δy=-0.0050m
   ⏳ 执行重放... ✅
   📸 验证图像一致性... ✅ 原始图像目录不存在，跳过验证
   🔍 检查抓取... ❌ 失败（连续抓取 0 步）

🔄 [粗搜索] 尝试 7/10
   🤖 机械臂位置: [-0.0171, -0.0117]
   📏 偏移: Δx=-0.0171m, Δy=-0.0117m
   ⏳ 执行重放... ✅
   📸 验证图像一致性... ✅ 原始图像目录不存在，跳过验证
   🔍 检查抓取... ❌ 失败（连续抓取 0 步）

🔄 [粗搜索] 尝试 8/10
   🤖 机械臂位置: [-0.0181, -0.0135]
   📏 偏移: Δx=-0.0181m, Δy=-0.0135m
   ⏳ 执行重放... 