nohup: ignoring input
📂 当前工作目录: /mnt/disk1/decom/VLATest
🔍 扫描基础目录: /mnt/disk1/decom/VLATest/results/t-move_n-100_o-0_s-3225323079/openvla-7b_2024

📋 准备处理 Episode: 37
📂 原始目录: /mnt/disk1/decom/VLATest/results/t-move_n-100_o-0_s-3225323079/openvla-7b_2024
✅ 复制episode配置: /mnt/disk1/decom/VLATest/results/t-move_n-100_o-0_s-3225323079/openvla-7b_2024/37 -> /mnt/disk1/decom/VLATest/move_optimization/optimized_configs/37
ℹ️  检测到标准结构: opened_pepsi_can.init_xy = [-0.14003127645153535, 0.22913630288184242]
ℹ️  初始化机械臂位置: [0.0, 0.0]

======================================================================
🎯 处理 Episode: 37
📍 优化配置目录: /mnt/disk1/decom/VLATest/move_optimization/optimized_configs/37
🌟 物体: opened_pepsi_can [-0.1400, 0.2291]
🤖 机械臂: [0.0000, 0.0000]
🧭 方向: left-down
🔢 搜索: 20次（粗搜索10 + 精细搜索10）
======================================================================

🔍 阶段1: 粗搜索

🔄 [粗搜索] 尝试 1/10
   🤖 机械臂位置: [-0.0118, -0.0072]
   📏 偏移: Δx=-0.0118m, Δy=-0.0072m
   ⏳ 执行重放... 
   ⚠️  重放脚本返回错误码: -11
   错误输出: [2025-12-14 19:46:56.724] [svulkan2] [error] GLFW error: X11: The DISPLAY environment variable is missing
[2025-12-14 19:46:56.724] [svulkan2] [warning] Continue without GLFW.

❌ 重放失败

🔄 [粗搜索] 尝试 2/10
   🤖 机械臂位置: [-0.0120, -0.0109]
   📏 偏移: Δx=-0.0120m, Δy=-0.0109m
   ⏳ 执行重放... ✅
   📸 验证图像一致性... ✅ SSIM=0.920 (阈值=0.85)
   🔍 检查抓取... ❌ 失败（连续抓取 0 步）

🔄 [粗搜索] 尝试 3/10
   🤖 机械臂位置: [-0.0126, -0.0091]
   📏 偏移: Δx=-0.0126m, Δy=-0.0091m
   ⏳ 执行重放... ✅
   📸 验证图像一致性... ✅ SSIM=0.926 (阈值=0.85)
   🔍 检查抓取... ❌ 失败（连续抓取 0 步）

🔄 [粗搜索] 尝试 4/10
   🤖 机械臂位置: [-0.0088, -0.0169]
   📏 偏移: Δx=-0.0088m, Δy=-0.0169m
   ⏳ 执行重放... ✅
   📸 验证图像一致性... ✅ SSIM=0.926 (阈值=0.85)
   🔍 检查抓取... ❌ 失败（连续抓取 0 步）

🔄 [粗搜索] 尝试 5/10
   🤖 机械臂位置: [-0.0121, -0.0141]
   📏 偏移: Δx=-0.0121m, Δy=-0.0141m
   ⏳ 执行重放... ✅
   📸 验证图像一致性... ✅ SSIM=0.926 (阈值=0.85)
   🔍 检查抓取... ❌ 失败（连续抓取 0 步）

🔄 [粗搜索] 尝试 6/10
   🤖 机械臂位置: [-0.0067, -0.0143]
   📏 偏移: Δx=-0.0067m, Δy=-0.0143m
   ⏳ 执行重放... ✅
   📸 验证图像一致性... ✅ SSIM=0.926 (阈值=0.85)
   🔍 检查抓取... ❌ 失败（连续抓取 0 步）

🔄 [粗搜索] 尝试 7/10
   🤖 机械臂位置: [-0.0184, -0.0165]
   📏 偏移: Δx=-0.0184m, Δy=-0.0165m
   ⏳ 执行重放... ✅
   📸 验证图像一致性... ⚠️  视角变化过大 SSIM=0.832 (阈值=0.85)
   🔍 检查抓取... ❌ 失败（连续抓取 0 步）

🔄 [粗搜索] 尝试 8/10
   🤖 机械臂位置: [-0.0097, -0.0112]
   📏 偏移: Δx=-0.0097m, Δy=-0.0112m
   ⏳ 执行重放... ✅
   📸 验证图像一致性... ✅ SSIM=0.926 (阈值=0.85)
   🔍 检查抓取... ❌ 失败（连续抓取 0 步）

🔄 [粗搜索] 尝试 9/10
   🤖 机械臂位置: [-0.0092, -0.0076]
   📏 偏移: Δx=-0.0092m, Δy=-0.0076m
   ⏳ 执行重放... ✅
   📸 验证图像一致性... ✅ SSIM=0.926 (阈值=0.85)
   🔍 检查抓取... ❌ 失败（连续抓取 0 步）

🔄 [粗搜索] 尝试 10/10
   🤖 机械臂位置: [-0.0180, -0.0138]
   📏 偏移: Δx=-0.0180m, Δy=-0.0138m
   ⏳ 执行重放... ✅
   📸 验证图像一致性... ✅ SSIM=0.926 (阈值=0.85)
   🔍 检查抓取... ❌ 失败（连续抓取 0 步）

📊 阶段1完成！最佳: 0 步
🔍 阶段2: 精细搜索

🔄 [精细搜索] 尝试 1/10
   🤖 位置: [-0.0071, -0.0158]
   ⏳ 执行重放... [2025-12-14 19:49:11.719] [svulkan2] [error] GLFW error: X11: The DISPLAY environment variable is missing
[2025-12-14 19:49:11.719] [svulkan2] [warning] Continue without GLFW.
✅
   🔍 检查抓取... ❌ 失败（连续抓取 0 步）

🔄 [精细搜索] 尝试 2/10
   🤖 位置: [-0.0120, -0.0117]
   ⏳ 执行重放... [2025-12-14 19:49:28.777] [svulkan2] [error] GLFW error: X11: The DISPLAY environment variable is missing
[2025-12-14 19:49:28.777] [svulkan2] [warning] Continue without GLFW.
✅
   🔍 检查抓取... ❌ 失败（连续抓取 0 步）

🔄 [精细搜索] 尝试 3/10
   🤖 位置: [-0.0113, -0.0100]
   ⏳ 执行重放... [2025-12-14 19:49:47.630] [svulkan2] [error] GLFW error: X11: The DISPLAY environment variable is missing
[2025-12-14 19:49:47.630] [svulkan2] [warning] Continue without GLFW.
